Archive member included because of file (symbol)

c:/devkitPro/libgba/lib\libgba.a(input.o)
                              Main.o (scanKeys)
c:/devkitPro/libgba/lib\libgba.a(interrupt.o)
                              Main.o (irqInit)
c:/devkitPro/libgba/lib\libgba.a(InterruptDispatcher.o)
                              c:/devkitPro/libgba/lib\libgba.a(interrupt.o) (IntrMain)
c:/devkitPro/libgba/lib\libmm.a(mm_main.o)
                              Main.o (mmFrame)
c:/devkitPro/libgba/lib\libmm.a(mm_mas.o)
                              c:/devkitPro/libgba/lib\libmm.a(mm_main.o) (mmLayerMain)
c:/devkitPro/libgba/lib\libmm.a(mm_mas_arm.o)
                              c:/devkitPro/libgba/lib\libmm.a(mm_mas.o) (mmAllocChannel)
c:/devkitPro/libgba/lib\libmm.a(mm_init_default.o)
                              Main.o (mmInitDefault)
c:/devkitPro/libgba/lib\libmm.a(mm_mixer_gba.o)
                              Main.o (mmVBlank)
c:/devkitPro/libgba/lib\libmm.a(mm_effect.o)
                              c:/devkitPro/libgba/lib\libmm.a(mm_main.o) (mmResetEffects)
c:/devkitpro/devkitarm/bin/../lib/gcc/arm-none-eabi/4.7.1/thumb\libgcc.a(_divsi3.o)
                              Main.o (__aeabi_idivmod)
c:/devkitpro/devkitarm/bin/../lib/gcc/arm-none-eabi/4.7.1/thumb\libgcc.a(_dvmd_tls.o)
                              c:/devkitpro/devkitarm/bin/../lib/gcc/arm-none-eabi/4.7.1/thumb\libgcc.a(_divsi3.o) (__aeabi_idiv0)
c:/devkitpro/devkitarm/bin/../lib/gcc/arm-none-eabi/4.7.1/thumb\libgcc.a(_call_via_rX.o)
                              c:/devkitPro/libgba/lib\libmm.a(mm_main.o) (_call_via_r1)
c:/devkitpro/devkitarm/bin/../lib/gcc/arm-none-eabi/4.7.1/../../../../arm-none-eabi/lib/thumb\libg.a(lib_a-init.o)
                              c:/devkitpro/devkitarm/bin/../lib/gcc/arm-none-eabi/4.7.1/../../../../arm-none-eabi/lib/thumb/gba_crt0.o (__libc_init_array)
c:/devkitpro/devkitarm/bin/../lib/gcc/arm-none-eabi/4.7.1/../../../../arm-none-eabi/lib/thumb\libg.a(lib_a-malloc.o)
                              c:/devkitPro/libgba/lib\libmm.a(mm_init_default.o) (malloc)
c:/devkitpro/devkitarm/bin/../lib/gcc/arm-none-eabi/4.7.1/../../../../arm-none-eabi/lib/thumb\libg.a(lib_a-mallocr.o)
                              c:/devkitpro/devkitarm/bin/../lib/gcc/arm-none-eabi/4.7.1/../../../../arm-none-eabi/lib/thumb\libg.a(lib_a-malloc.o) (_malloc_r)
c:/devkitpro/devkitarm/bin/../lib/gcc/arm-none-eabi/4.7.1/../../../../arm-none-eabi/lib/thumb\libg.a(lib_a-mlock.o)
                              c:/devkitpro/devkitarm/bin/../lib/gcc/arm-none-eabi/4.7.1/../../../../arm-none-eabi/lib/thumb\libg.a(lib_a-mallocr.o) (__malloc_lock)
c:/devkitpro/devkitarm/bin/../lib/gcc/arm-none-eabi/4.7.1/../../../../arm-none-eabi/lib/thumb\libg.a(lib_a-rand.o)
                              Main.o (rand)
c:/devkitpro/devkitarm/bin/../lib/gcc/arm-none-eabi/4.7.1/../../../../arm-none-eabi/lib/thumb\libg.a(lib_a-freer.o)
                              c:/devkitpro/devkitarm/bin/../lib/gcc/arm-none-eabi/4.7.1/../../../../arm-none-eabi/lib/thumb\libg.a(lib_a-malloc.o) (_free_r)
c:/devkitpro/devkitarm/bin/../lib/gcc/arm-none-eabi/4.7.1/../../../../arm-none-eabi/lib/thumb\libg.a(lib_a-impure.o)
                              c:/devkitpro/devkitarm/bin/../lib/gcc/arm-none-eabi/4.7.1/../../../../arm-none-eabi/lib/thumb\libg.a(lib_a-malloc.o) (_impure_ptr)
c:/devkitpro/devkitarm/bin/../lib/gcc/arm-none-eabi/4.7.1/../../../../arm-none-eabi/lib/thumb\libsysbase.a(sbrk.o)
                              c:/devkitpro/devkitarm/bin/../lib/gcc/arm-none-eabi/4.7.1/../../../../arm-none-eabi/lib/thumb\libg.a(lib_a-mallocr.o) (_sbrk_r)
c:/devkitpro/devkitarm/bin/../lib/gcc/arm-none-eabi/4.7.1/../../../../arm-none-eabi/lib/thumb\libsysbase.a(malloc_vars.o)
                              c:/devkitpro/devkitarm/bin/../lib/gcc/arm-none-eabi/4.7.1/../../../../arm-none-eabi/lib/thumb\libsysbase.a(sbrk.o) (fake_heap_start)
c:/devkitpro/devkitarm/bin/../lib/gcc/arm-none-eabi/4.7.1/thumb\libgcc.a(_muldi3.o)
                              c:/devkitpro/devkitarm/bin/../lib/gcc/arm-none-eabi/4.7.1/../../../../arm-none-eabi/lib/thumb\libg.a(lib_a-rand.o) (__aeabi_lmul)

Allocating common symbols
Common symbol       size              file

IntrTable           0x78              c:/devkitPro/libgba/lib\libgba.a(interrupt.o)
heldKey             0x2               Main.o
GameState           0x1               Main.o
scrollit            0x4               Main.o
Key                 0x2               Main.o

Memory Configuration

Name             Origin             Length             Attributes
rom              0x08000000         0x02000000
iwram            0x03000000         0x00008000
ewram            0x02000000         0x00040000
*default*        0x00000000         0xffffffff

Linker script and memory map

                0x08000000                __text_start = ORIGIN (rom)
                0x02040000                __eheap_end = (ORIGIN (ewram) + 0x40000)
                0x03000000                __iwram_start = ORIGIN (iwram)
                0x03008000                __iwram_top = (ORIGIN (iwram) + 0x8000)
                0x03007fa0                __sp_irq = (__iwram_top - 0x60)
                0x03007f00                __sp_usr = (__sp_irq - 0xa0)
                0x03007ff8                __irq_flags = 0x3007ff8
                0x08000000                . = __text_start

.init           0x08000000      0x21c
 *(.init)
 .init          0x08000000      0x210 c:/devkitpro/devkitarm/bin/../lib/gcc/arm-none-eabi/4.7.1/../../../../arm-none-eabi/lib/thumb/gba_crt0.o
                0x08000000                _start
                0x080000c4                __boot_method
                0x080000c5                __slave_number
                0x080000e0                start_vector
 .init          0x08000210        0x4 c:/devkitpro/devkitarm/bin/../lib/gcc/arm-none-eabi/4.7.1/thumb/crti.o
                0x08000210                _init
 .init          0x08000214        0x8 c:/devkitpro/devkitarm/bin/../lib/gcc/arm-none-eabi/4.7.1/thumb/crtn.o
                0x0800021c                . = ALIGN (0x4)

.plt            0x0800021c        0x0
 *(.plt)
                0x0800021c                . = ALIGN (0x4)

.text           0x08000220     0x4138
 *(EXCLUDE_FILE(*.iwram*) .text)
 .text          0x08000220        0x0 c:/devkitpro/devkitarm/bin/../lib/gcc/arm-none-eabi/4.7.1/../../../../arm-none-eabi/lib/thumb/gba_crt0.o
 .text          0x08000220        0x0 c:/devkitpro/devkitarm/bin/../lib/gcc/arm-none-eabi/4.7.1/thumb/crti.o
 .text          0x08000220       0xd0 c:/devkitpro/devkitarm/bin/../lib/gcc/arm-none-eabi/4.7.1/thumb/crtbegin.o
 .text          0x080002f0        0x0 soundbank.o
 .text          0x080002f0      0xed8 Main.o
                0x080002f0                ScreenInit
                0x08000350                PaletteSetup
                0x0800054c                SpriteSetup
                0x08000bf8                FontSetup
                0x08000c18                DoMenu
                0x08000d30                DoInstructions
                0x08000ecc                DoGameOver
                0x08000f38                DoGameWin
                0x08000f90                DoBackground
                0x08001144                DrawOBJ
                0x08001170                EnemyCollision
                0x0800119c                CapsuleCollision
 .text          0x080011c8       0x1c clearscreenasm.o
                0x080011c8                clearscreen
 .text          0x080011e4      0x140 c:/devkitPro/libgba/lib\libgba.a(input.o)
                0x080011e4                setRepeat
                0x080011f8                scanKeys
                0x080012cc                keysDownRepeat
                0x080012e4                keysDown
                0x080012fc                keysUp
                0x08001314                keysHeld
 .text          0x08001324      0x2b8 c:/devkitPro/libgba/lib\libgba.a(interrupt.o)
                0x08001324                dummy
                0x08001328                InitInterrupt
                0x08001384                irqInit
                0x080013e0                SetInterrupt
                0x08001424                irqSet
                0x08001468                irqEnable
                0x080014c8                irqDisable
                0x08001524                EnableInterrupt
                0x08001580                DisableInterrupt
 .text          0x080015dc        0x0 c:/devkitPro/libgba/lib\libgba.a(InterruptDispatcher.o)
 .text          0x080015dc      0x140 c:/devkitPro/libgba/lib\libmm.a(mm_main.o)
                0x080015dc                mpp_call_r7
                0x080015de                mpp_call_r1
                0x080015e0                mpp_call_r2
                0x080015e2                mpp_call_r3
                0x080015e4                mmSetEventHandler
                0x080015ec                mmInit
                0x08001640                mmSetVBlankHandler
                0x08001646                mmFrame
 .text          0x0800171c     0x155c c:/devkitPro/libgba/lib\libmm.a(mm_mas.o)
                0x08001790                mmStart
                0x080017b0                mmJingle
                0x080017b6                mmPlayModule
                0x08001880                mmPause
                0x0800189c                mmResume
                0x080018ac                mmActive
                0x080018b2                mmActiveSub
                0x080018b8                mmSetModuleVolume
                0x080018c8                mmSetJingleVolume
                0x08001904                mmPosition
                0x0800191e                mmSetModuleTempo
                0x08001950                mmSetModulePitch
                0x08001990                mmStop
                0x08001a56                mppUpdateSub
                0x08001bb2                mpp_Process_VolumeCommand
                0x08001dea                mpp_Process_Effect
                0x08002538                ST3_FREQTABLE
                0x08002958                IT_PitchTable
 .text          0x08002c78        0x0 c:/devkitPro/libgba/lib\libmm.a(mm_mas_arm.o)
 .text          0x08002c78       0x54 c:/devkitPro/libgba/lib\libmm.a(mm_init_default.o)
                0x08002c78                mmInitDefault
 .text          0x08002ccc      0x1e0 c:/devkitPro/libgba/lib\libmm.a(mm_mixer_gba.o)
                0x08002ccc                mmMixerSetSource
                0x08002ce0                mmMixerSetRead
                0x08002cee                mmMixerSetFreq
                0x08002cfe                mmMixerMulFreq
                0x08002d12                mmMixerStopChannel
                0x08002d24                mmMixerChannelActive
                0x08002d36                mmMixerSetVolume
                0x08002d44                mmMixerSetPan
                0x08002d52                mmMixerInit
 .text          0x08002eac      0x300 c:/devkitPro/libgba/lib\libmm.a(mm_effect.o)
                0x08002eac                mmResetEffects
                0x08002ed8                mmEffect
                0x08002eee                mmEffectEx
                0x0800300c                mmEffectVolume
                0x08003028                mmEffectPanning
                0x0800303c                mmEffectRate
                0x08003050                mmEffectCancel
                0x0800308a                mmEffectRelease
                0x080030b0                mmEffectScaleRate
                0x080030c4                mmSetEffectsVolume
                0x080030d2                mmEffectCancelAll
                0x08003112                mmUpdateEffects
 .text          0x080031ac      0x150 c:/devkitpro/devkitarm/bin/../lib/gcc/arm-none-eabi/4.7.1/thumb\libgcc.a(_divsi3.o)
                0x080031ac                __divsi3
                0x080031ac                __aeabi_idiv
                0x080032dc                __aeabi_idivmod
 .text          0x080032fc        0x4 c:/devkitpro/devkitarm/bin/../lib/gcc/arm-none-eabi/4.7.1/thumb\libgcc.a(_dvmd_tls.o)
                0x080032fc                __aeabi_idiv0
                0x080032fc                __aeabi_ldiv0
 .text          0x08003300       0x3c c:/devkitpro/devkitarm/bin/../lib/gcc/arm-none-eabi/4.7.1/thumb\libgcc.a(_call_via_rX.o)
                0x08003300                _call_via_r0
                0x08003304                _call_via_r1
                0x08003308                _call_via_r2
                0x0800330c                _call_via_r3
                0x08003310                _call_via_r4
                0x08003314                _call_via_r5
                0x08003318                _call_via_r6
                0x0800331c                _call_via_r7
                0x08003320                _call_via_r8
                0x08003324                _call_via_r9
                0x08003328                _call_via_sl
                0x0800332c                _call_via_fp
                0x08003330                _call_via_ip
                0x08003334                _call_via_sp
                0x08003338                _call_via_lr
 .text          0x0800333c       0x54 c:/devkitpro/devkitarm/bin/../lib/gcc/arm-none-eabi/4.7.1/../../../../arm-none-eabi/lib/thumb\libg.a(lib_a-init.o)
                0x0800333c                __libc_init_array
 .text          0x08003390       0x30 c:/devkitpro/devkitarm/bin/../lib/gcc/arm-none-eabi/4.7.1/../../../../arm-none-eabi/lib/thumb\libg.a(lib_a-malloc.o)
                0x08003390                malloc
                0x080033a8                free
 .text          0x080033c0      0x51c c:/devkitpro/devkitarm/bin/../lib/gcc/arm-none-eabi/4.7.1/../../../../arm-none-eabi/lib/thumb\libg.a(lib_a-mallocr.o)
                0x080033c0                _malloc_r
 .text          0x080038dc        0x8 c:/devkitpro/devkitarm/bin/../lib/gcc/arm-none-eabi/4.7.1/../../../../arm-none-eabi/lib/thumb\libg.a(lib_a-mlock.o)
                0x080038dc                __malloc_lock
                0x080038e0                __malloc_unlock
 *fill*         0x080038e4        0x4 ff
 .text          0x080038e8       0x50 c:/devkitpro/devkitarm/bin/../lib/gcc/arm-none-eabi/4.7.1/../../../../arm-none-eabi/lib/thumb\libg.a(lib_a-rand.o)
                0x080038e8                srand
                0x080038fc                rand
 .text          0x08003938      0x238 c:/devkitpro/devkitarm/bin/../lib/gcc/arm-none-eabi/4.7.1/../../../../arm-none-eabi/lib/thumb\libg.a(lib_a-freer.o)
                0x08003938                _malloc_trim_r
                0x080039dc                _free_r
 .text          0x08003b70        0x0 c:/devkitpro/devkitarm/bin/../lib/gcc/arm-none-eabi/4.7.1/../../../../arm-none-eabi/lib/thumb\libg.a(lib_a-impure.o)
 .text          0x08003b70       0x54 c:/devkitpro/devkitarm/bin/../lib/gcc/arm-none-eabi/4.7.1/../../../../arm-none-eabi/lib/thumb\libsysbase.a(sbrk.o)
                0x08003b70                _sbrk_r
 .text          0x08003bc4        0x0 c:/devkitpro/devkitarm/bin/../lib/gcc/arm-none-eabi/4.7.1/../../../../arm-none-eabi/lib/thumb\libsysbase.a(malloc_vars.o)
 .text          0x08003bc4       0x4c c:/devkitpro/devkitarm/bin/../lib/gcc/arm-none-eabi/4.7.1/thumb\libgcc.a(_muldi3.o)
                0x08003bc4                __muldi3
                0x08003bc4                __aeabi_lmul
 .text          0x08003c10        0x0 c:/devkitpro/devkitarm/bin/../lib/gcc/arm-none-eabi/4.7.1/thumb/crtend.o
 .text          0x08003c10        0x0 c:/devkitpro/devkitarm/bin/../lib/gcc/arm-none-eabi/4.7.1/thumb/crtn.o
 *(.text .stub .text.* .gnu.linkonce.t.*)
 .text.startup  0x08003c10      0x730 Main.o
                0x08003c10                main
 .text.startup.stub
                0x08004340       0x14 linker stubs
 *(.text.*personality*)
 *(.gnu.warning)
 *(.glue_7t)
 .glue_7t       0x00000000        0x0 linker stubs
 *(.glue_7)
 .glue_7        0x00000000        0x0 linker stubs
 *(.vfp11_veneer)
 .vfp11_veneer  0x00000000        0x0 linker stubs
                0x08004354                . = ALIGN (0x4)
                0x08004354                __text_end = .

.v4_bx          0x08004358        0x0
 .v4_bx         0x00000000        0x0 linker stubs

.iplt           0x08004358        0x0
 .iplt          0x00000000        0x0 c:/devkitpro/devkitarm/bin/../lib/gcc/arm-none-eabi/4.7.1/../../../../arm-none-eabi/lib/thumb/gba_crt0.o

.fini           0x08004358        0xc
 *(.fini)
 .fini          0x08004358        0x4 c:/devkitpro/devkitarm/bin/../lib/gcc/arm-none-eabi/4.7.1/thumb/crti.o
                0x08004358                _fini
 .fini          0x0800435c        0x8 c:/devkitpro/devkitarm/bin/../lib/gcc/arm-none-eabi/4.7.1/thumb/crtn.o
                0x08004364                . = ALIGN (0x4)

.rodata         0x08004364    0x34b1c
 *(.rodata)
 .rodata        0x08004364    0x32af8 soundbank.o
                0x08004364                soundbank_bin
                0x08036e58                soundbank_bin_size
                0x08036e58                soundbank_bin_end
 .rodata        0x08036e5c     0x201c Main.o
                0x08036e78                fontData
 .rodata        0x08038e78        0x4 c:/devkitpro/devkitarm/bin/../lib/gcc/arm-none-eabi/4.7.1/../../../../arm-none-eabi/lib/thumb\libg.a(lib_a-impure.o)
                0x08038e78                _global_impure_ptr
 *all.rodata*(*)
 *(.roda)
 *(.rodata.*)
 .rodata.str1.4
                0x08038e7c        0x4 c:/devkitpro/devkitarm/bin/../lib/gcc/arm-none-eabi/4.7.1/../../../../arm-none-eabi/lib/thumb\libg.a(lib_a-impure.o)
 *(.gnu.linkonce.r*)
                0x08038e80                . = ALIGN (0x4)

.ARM.extab
 *(.ARM.extab* .gnu.linkonce.armextab.*)
                0x08038e80                __exidx_start = .

.ARM.exidx
 *(.ARM.exidx* .gnu.linkonce.armexidx.*)
                0x08038e80                __exidx_end = .

.ctors          0x08038e80        0x0
 *crtbegin.o(.ctors)
 *(EXCLUDE_FILE(*crtend.o) .ctors)
 *(SORT(.ctors.*))
 *(.ctors)
                0x08038e80                . = ALIGN (0x4)

.dtors          0x08038e80        0x0
 *crtbegin.o(.dtors)
 *(EXCLUDE_FILE(*crtend.o) .dtors)
 *(SORT(.dtors.*))
 *(.dtors)
                0x08038e80                . = ALIGN (0x4)

.eh_frame       0x08038e80        0x4
 *(.eh_frame)
 .eh_frame      0x08038e80        0x0 c:/devkitpro/devkitarm/bin/../lib/gcc/arm-none-eabi/4.7.1/thumb/crtbegin.o
 .eh_frame      0x08038e80        0x4 c:/devkitpro/devkitarm/bin/../lib/gcc/arm-none-eabi/4.7.1/thumb/crtend.o
                0x08038e84                . = ALIGN (0x4)

.gcc_except_table
                0x08038e84        0x0
 *(.gcc_except_table)
                0x08038e84                . = ALIGN (0x4)
                0x08038e84                __iwram_lma = .

.iwram          0x03000000     0x1494 load address 0x08038e84
                0x03000000                __iwram_start__ = ABSOLUTE (.)
 *(.iwram)
 .iwram         0x03000000       0xb8 c:/devkitPro/libgba/lib\libgba.a(InterruptDispatcher.o)
                0x03000000                IntrMain
 .iwram         0x030000b8        0x8 c:/devkitPro/libgba/lib\libmm.a(mm_main.o)
                0x030000b8                mpp_call_r7i
                0x030000ba                mpp_call_r2i
                0x030000bc                mpp_call_r1i
 .iwram         0x030000c0      0x554 c:/devkitPro/libgba/lib\libmm.a(mm_mas.o)
                0x030000c0                mppProcessTick
                0x030001a4                mpp_Channel_NewNote
                0x03000284                mpp_Update_ACHN_notest
 .iwram         0x03000614      0x648 c:/devkitPro/libgba/lib\libmm.a(mm_mas_arm.o)
                0x03000614                mmAllocChannel
                0x03000688                mmReadPattern
                0x03000774                mmUpdateChannel_T0
                0x030009b4                mmUpdateChannel_TN
                0x03000b54                mmGetPeriod
                0x03000b98                note_table_oct
                0x03000bb6                note_table_mod
 .iwram         0x03000c5c      0x838 c:/devkitPro/libgba/lib\libmm.a(mm_mixer_gba.o)
                0x03000c60                mmVBlank
                0x03000ce4                mmMixerMix
 *iwram.*(.text)
                0x03001494                . = ALIGN (0x4)
                0x03001494                __iwram_end__ = ABSOLUTE (.)
                0x0803a318                __data_lma = (__iwram_lma + SIZEOF (.iwram))

.rel.dyn        0x03001494        0x0 load address 0x0803a318
 .rel.iplt      0x00000000        0x0 c:/devkitpro/devkitarm/bin/../lib/gcc/arm-none-eabi/4.7.1/../../../../arm-none-eabi/lib/thumb/gba_crt0.o

.bss            0x03001494      0x878
                0x03001494                __bss_start = ABSOLUTE (.)
                0x03001494                __bss_start__ = ABSOLUTE (.)
 *(.dynbss)
 *(.gnu.linkonce.b*)
 *(.bss*)
 .bss           0x03001494        0x0 c:/devkitpro/devkitarm/bin/../lib/gcc/arm-none-eabi/4.7.1/../../../../arm-none-eabi/lib/thumb/gba_crt0.o
 .bss           0x03001494        0x0 c:/devkitpro/devkitarm/bin/../lib/gcc/arm-none-eabi/4.7.1/thumb/crti.o
 .bss           0x03001494       0x1c c:/devkitpro/devkitarm/bin/../lib/gcc/arm-none-eabi/4.7.1/thumb/crtbegin.o
 .bss           0x030014b0        0x0 soundbank.o
 .bss           0x030014b0       0x18 Main.o
                0x030014b0                Enemy1XCoord
                0x030014b4                Enemy1YCoord
                0x030014b8                Enemy2XCoord
                0x030014bc                Enemy2YCoord
                0x030014c0                CapsuleXCoord
                0x030014c4                CapsuleYCoord
 .bss           0x030014c8        0x0 clearscreenasm.o
 .bss           0x030014c8        0xa c:/devkitPro/libgba/lib\libgba.a(input.o)
 .bss           0x030014d2        0x0 c:/devkitPro/libgba/lib\libgba.a(interrupt.o)
 .bss           0x030014d2        0x0 c:/devkitPro/libgba/lib\libgba.a(InterruptDispatcher.o)
 *fill*         0x030014d2        0x2 00
 .bss           0x030014d4       0x20 c:/devkitPro/libgba/lib\libmm.a(mm_main.o)
                0x030014d4                mmCallback
                0x030014d8                mmModuleCount
                0x030014dc                mmModuleBank
                0x030014e0                mmSampleBank
                0x030014e4                mm_ch_mask
                0x030014e8                mm_vblank_function
                0x030014ec                mmInitialized
                0x030014f0                mp_solution
 .bss           0x030014f4      0x148 c:/devkitPro/libgba/lib\libmm.a(mm_mas.o)
                0x030014f4                mmLayerMain
                0x0300152c                mmLayerSub
                0x03001564                mpp_vars
                0x03001574                mpp_layerp
                0x03001578                mpp_channels
                0x03001588                mpp_nchannels
                0x03001589                mpp_clayer
                0x0300158c                mm_achannels
                0x03001590                mm_pchannels
                0x03001594                mm_num_mch
                0x03001598                mm_num_ach
                0x0300159c                mm_schannels
 .bss           0x0300163c        0x0 c:/devkitPro/libgba/lib\libmm.a(mm_mas_arm.o)
 .bss           0x0300163c      0x420 c:/devkitPro/libgba/lib\libmm.a(mm_init_default.o)
 .bss           0x03001a5c      0x1bc c:/devkitPro/libgba/lib\libmm.a(mm_mixer_gba.o)
                0x03001a5c                mp_writepos
                0x03001a64                mm_mixchannels
                0x03001a6c                mm_mixlen
                0x03001a80                mm_bpmdv
                0x03001a84                mp_mix_seg
 .bss           0x03001c18       0x30 c:/devkitPro/libgba/lib\libmm.a(mm_effect.o)
                0x03001c3c                mm_sfx_bitmask
                0x03001c40                mm_sfx_clearmask
 .bss           0x03001c48        0x0 c:/devkitpro/devkitarm/bin/../lib/gcc/arm-none-eabi/4.7.1/thumb\libgcc.a(_divsi3.o)
 .bss           0x03001c48        0x0 c:/devkitpro/devkitarm/bin/../lib/gcc/arm-none-eabi/4.7.1/thumb\libgcc.a(_dvmd_tls.o)
 .bss           0x03001c48        0x0 c:/devkitpro/devkitarm/bin/../lib/gcc/arm-none-eabi/4.7.1/thumb\libgcc.a(_call_via_rX.o)
 .bss           0x03001c48        0x0 c:/devkitpro/devkitarm/bin/../lib/gcc/arm-none-eabi/4.7.1/../../../../arm-none-eabi/lib/thumb\libg.a(lib_a-init.o)
 .bss           0x03001c48        0x0 c:/devkitpro/devkitarm/bin/../lib/gcc/arm-none-eabi/4.7.1/../../../../arm-none-eabi/lib/thumb\libg.a(lib_a-malloc.o)
 .bss           0x03001c48       0x34 c:/devkitpro/devkitarm/bin/../lib/gcc/arm-none-eabi/4.7.1/../../../../arm-none-eabi/lib/thumb\libg.a(lib_a-mallocr.o)
                0x03001c48                __malloc_top_pad
                0x03001c4c                __malloc_current_mallinfo
                0x03001c74                __malloc_max_sbrked_mem
                0x03001c78                __malloc_max_total_mem
 .bss           0x03001c7c        0x0 c:/devkitpro/devkitarm/bin/../lib/gcc/arm-none-eabi/4.7.1/../../../../arm-none-eabi/lib/thumb\libg.a(lib_a-mlock.o)
 .bss           0x03001c7c        0x0 c:/devkitpro/devkitarm/bin/../lib/gcc/arm-none-eabi/4.7.1/../../../../arm-none-eabi/lib/thumb\libg.a(lib_a-rand.o)
 .bss           0x03001c7c        0x0 c:/devkitpro/devkitarm/bin/../lib/gcc/arm-none-eabi/4.7.1/../../../../arm-none-eabi/lib/thumb\libg.a(lib_a-freer.o)
 .bss           0x03001c7c        0x0 c:/devkitpro/devkitarm/bin/../lib/gcc/arm-none-eabi/4.7.1/../../../../arm-none-eabi/lib/thumb\libg.a(lib_a-impure.o)
 .bss           0x03001c7c        0x4 c:/devkitpro/devkitarm/bin/../lib/gcc/arm-none-eabi/4.7.1/../../../../arm-none-eabi/lib/thumb\libsysbase.a(sbrk.o)
 .bss           0x03001c80        0x8 c:/devkitpro/devkitarm/bin/../lib/gcc/arm-none-eabi/4.7.1/../../../../arm-none-eabi/lib/thumb\libsysbase.a(malloc_vars.o)
                0x03001c80                fake_heap_start
                0x03001c84                fake_heap_end
 .bss           0x03001c88        0x0 c:/devkitpro/devkitarm/bin/../lib/gcc/arm-none-eabi/4.7.1/thumb\libgcc.a(_muldi3.o)
 .bss           0x03001c88        0x0 c:/devkitpro/devkitarm/bin/../lib/gcc/arm-none-eabi/4.7.1/thumb/crtend.o
 .bss           0x03001c88        0x0 c:/devkitpro/devkitarm/bin/../lib/gcc/arm-none-eabi/4.7.1/thumb/crtn.o
 *(COMMON)
 COMMON         0x03001c88        0xa Main.o
                0x03001c88                heldKey
                0x03001c8a                GameState
                0x03001c8c                scrollit
                0x03001c90                Key
 *fill*         0x03001c92        0x2 00
 COMMON         0x03001c94       0x78 c:/devkitPro/libgba/lib\libgba.a(interrupt.o)
                0x03001c94                IntrTable
                0x03001d0c                . = ALIGN (0x4)
                0x03001d0c                __bss_end__ = ABSOLUTE (.)

.data           0x03001d0c      0x88c load address 0x0803a318
                0x03001d0c                __data_start__ = ABSOLUTE (.)
 *(.data)
 .data          0x03001d0c        0x0 c:/devkitpro/devkitarm/bin/../lib/gcc/arm-none-eabi/4.7.1/../../../../arm-none-eabi/lib/thumb/gba_crt0.o
 .data          0x03001d0c        0x0 c:/devkitpro/devkitarm/bin/../lib/gcc/arm-none-eabi/4.7.1/thumb/crti.o
 .data          0x03001d0c        0x4 c:/devkitpro/devkitarm/bin/../lib/gcc/arm-none-eabi/4.7.1/thumb/crtbegin.o
                0x03001d0c                __dso_handle
 .data          0x03001d10        0x0 soundbank.o
 .data          0x03001d10       0x44 Main.o
                0x03001d10                BG0MapBase
                0x03001d14                BG1MapBase
                0x03001d18                BG2MapBase
                0x03001d1c                BG1ScrollX
                0x03001d20                BG2ScrollX
                0x03001d24                Player
                0x03001d28                PlayerXCoord
                0x03001d2c                ActiveTile
                0x03001d30                PlayerYCoord
                0x03001d34                Enemy1
                0x03001d38                Enemy2
                0x03001d3c                RedCapsule
                0x03001d40                OrangeCapsule
                0x03001d44                YellowCapsule
                0x03001d48                GreenCapsule
                0x03001d4c                BlueCapsule
                0x03001d50                PurpleCapsule
 .data          0x03001d54        0x0 clearscreenasm.o
 .data          0x03001d54        0x3 c:/devkitPro/libgba/lib\libgba.a(input.o)
 .data          0x03001d57        0x0 c:/devkitPro/libgba/lib\libgba.a(interrupt.o)
 .data          0x03001d57        0x0 c:/devkitPro/libgba/lib\libgba.a(InterruptDispatcher.o)
 .data          0x03001d57        0x0 c:/devkitPro/libgba/lib\libmm.a(mm_main.o)
 .data          0x03001d57        0x0 c:/devkitPro/libgba/lib\libmm.a(mm_mas.o)
 .data          0x03001d57        0x0 c:/devkitPro/libgba/lib\libmm.a(mm_mas_arm.o)
 .data          0x03001d57        0x0 c:/devkitPro/libgba/lib\libmm.a(mm_init_default.o)
 .data          0x03001d57        0x0 c:/devkitPro/libgba/lib\libmm.a(mm_mixer_gba.o)
 .data          0x03001d57        0x0 c:/devkitPro/libgba/lib\libmm.a(mm_effect.o)
 .data          0x03001d57        0x0 c:/devkitpro/devkitarm/bin/../lib/gcc/arm-none-eabi/4.7.1/thumb\libgcc.a(_divsi3.o)
 .data          0x03001d57        0x0 c:/devkitpro/devkitarm/bin/../lib/gcc/arm-none-eabi/4.7.1/thumb\libgcc.a(_dvmd_tls.o)
 .data          0x03001d57        0x0 c:/devkitpro/devkitarm/bin/../lib/gcc/arm-none-eabi/4.7.1/thumb\libgcc.a(_call_via_rX.o)
 .data          0x03001d57        0x0 c:/devkitpro/devkitarm/bin/../lib/gcc/arm-none-eabi/4.7.1/../../../../arm-none-eabi/lib/thumb\libg.a(lib_a-init.o)
 .data          0x03001d57        0x0 c:/devkitpro/devkitarm/bin/../lib/gcc/arm-none-eabi/4.7.1/../../../../arm-none-eabi/lib/thumb\libg.a(lib_a-malloc.o)
 *fill*         0x03001d57        0x1 ff
 .data          0x03001d58      0x410 c:/devkitpro/devkitarm/bin/../lib/gcc/arm-none-eabi/4.7.1/../../../../arm-none-eabi/lib/thumb\libg.a(lib_a-mallocr.o)
                0x03001d58                __malloc_av_
                0x03002160                __malloc_sbrk_base
                0x03002164                __malloc_trim_threshold
 .data          0x03002168        0x0 c:/devkitpro/devkitarm/bin/../lib/gcc/arm-none-eabi/4.7.1/../../../../arm-none-eabi/lib/thumb\libg.a(lib_a-mlock.o)
 .data          0x03002168        0x0 c:/devkitpro/devkitarm/bin/../lib/gcc/arm-none-eabi/4.7.1/../../../../arm-none-eabi/lib/thumb\libg.a(lib_a-rand.o)
 .data          0x03002168        0x0 c:/devkitpro/devkitarm/bin/../lib/gcc/arm-none-eabi/4.7.1/../../../../arm-none-eabi/lib/thumb\libg.a(lib_a-freer.o)
 .data          0x03002168      0x430 c:/devkitpro/devkitarm/bin/../lib/gcc/arm-none-eabi/4.7.1/../../../../arm-none-eabi/lib/thumb\libg.a(lib_a-impure.o)
                0x03002168                _impure_ptr
 .data          0x03002598        0x0 c:/devkitpro/devkitarm/bin/../lib/gcc/arm-none-eabi/4.7.1/../../../../arm-none-eabi/lib/thumb\libsysbase.a(sbrk.o)
 .data          0x03002598        0x0 c:/devkitpro/devkitarm/bin/../lib/gcc/arm-none-eabi/4.7.1/../../../../arm-none-eabi/lib/thumb\libsysbase.a(malloc_vars.o)
 .data          0x03002598        0x0 c:/devkitpro/devkitarm/bin/../lib/gcc/arm-none-eabi/4.7.1/thumb\libgcc.a(_muldi3.o)
 .data          0x03002598        0x0 c:/devkitpro/devkitarm/bin/../lib/gcc/arm-none-eabi/4.7.1/thumb/crtend.o
 .data          0x03002598        0x0 c:/devkitpro/devkitarm/bin/../lib/gcc/arm-none-eabi/4.7.1/thumb/crtn.o
 *(.data.*)
 *(.gnu.linkonce.d*)
                0x03002598                . = ALIGN (0x4)
                0x0803aba4                __preinit_lma = (__data_lma + SIZEOF (.data))

.igot.plt       0x03002598        0x0 load address 0x0803aba4
 .igot.plt      0x00000000        0x0 c:/devkitpro/devkitarm/bin/../lib/gcc/arm-none-eabi/4.7.1/../../../../arm-none-eabi/lib/thumb/gba_crt0.o

.tm_clone_table
                0x03002598        0x0 load address 0x0803aba4
 .tm_clone_table
                0x03002598        0x0 c:/devkitpro/devkitarm/bin/../lib/gcc/arm-none-eabi/4.7.1/thumb/crtbegin.o
 .tm_clone_table
                0x03002598        0x0 c:/devkitpro/devkitarm/bin/../lib/gcc/arm-none-eabi/4.7.1/thumb/crtend.o

.preinit_array  0x03002598        0x0 load address 0x0803aba4
                0x03002598                __preinit_array_start = ABSOLUTE (.)
 *(.preinit_array)
                0x03002598                __preinit_array_end = ABSOLUTE (.)
                0x0803aba4                __init_lma = (__preinit_lma + SIZEOF (.preinit_array))

.init_array     0x03002598        0x4 load address 0x0803aba4
                0x03002598                __init_array_start = ABSOLUTE (.)
 *(SORT(.init_array.*))
 *(.init_array)
 .init_array    0x03002598        0x4 c:/devkitpro/devkitarm/bin/../lib/gcc/arm-none-eabi/4.7.1/thumb/crtbegin.o
                0x0300259c                __init_array_end = ABSOLUTE (.)
                0x0803aba8                __fini_lma = (__init_lma + SIZEOF (.init_array))

.fini_array     0x0300259c        0x4 load address 0x0803aba8
                0x0300259c                __fini_array_start = ABSOLUTE (.)
 *(SORT(.fini_array.*))
 *(.fini_array)
 .fini_array    0x0300259c        0x4 c:/devkitpro/devkitarm/bin/../lib/gcc/arm-none-eabi/4.7.1/thumb/crtbegin.o
                0x030025a0                __fini_array_end = ABSOLUTE (.)
                0x0803abac                __jcr_lma = (__fini_lma + SIZEOF (.fini_array))

.jcr            0x030025a0        0x4 load address 0x0803abac
 *(.jcr)
 .jcr           0x030025a0        0x0 c:/devkitpro/devkitarm/bin/../lib/gcc/arm-none-eabi/4.7.1/thumb/crtbegin.o
 .jcr           0x030025a0        0x4 c:/devkitpro/devkitarm/bin/../lib/gcc/arm-none-eabi/4.7.1/thumb/crtend.o
                0x030025a4                __data_end__ = ABSOLUTE (.)
                0x0803abb0                __iwram_overlay_lma = (__jcr_lma + SIZEOF (.jcr))
                0x030025a4                __iwram_overlay_start = .

.iwram0         0x030025a4        0x0 load address 0x0803abb0
 *(.iwram0)
                0x030025a4                . = ALIGN (0x4)
                0x0803abb0                PROVIDE (__load_start_iwram0, LOADADDR (.iwram0))
                0x0803abb0                PROVIDE (__load_stop_iwram0, (LOADADDR (.iwram0) + SIZEOF (.iwram0)))

.iwram1         0x030025a4        0x0
 *(.iwram1)
                0x030025a4                . = ALIGN (0x4)
                0x030025a4                PROVIDE (__load_start_iwram1, LOADADDR (.iwram1))
                0x030025a4                PROVIDE (__load_stop_iwram1, (LOADADDR (.iwram1) + SIZEOF (.iwram1)))

.iwram2         0x030025a4        0x0
 *(.iwram2)
                0x030025a4                . = ALIGN (0x4)
                0x030025a4                PROVIDE (__load_start_iwram2, LOADADDR (.iwram2))
                0x030025a4                PROVIDE (__load_stop_iwram2, (LOADADDR (.iwram2) + SIZEOF (.iwram2)))

.iwram3         0x030025a4        0x0
 *(.iwram3)
                0x030025a4                . = ALIGN (0x4)
                0x030025a4                PROVIDE (__load_start_iwram3, LOADADDR (.iwram3))
                0x030025a4                PROVIDE (__load_stop_iwram3, (LOADADDR (.iwram3) + SIZEOF (.iwram3)))

.iwram4         0x030025a4        0x0
 *(.iwram4)
                0x030025a4                . = ALIGN (0x4)
                0x030025a4                PROVIDE (__load_start_iwram4, LOADADDR (.iwram4))
                0x030025a4                PROVIDE (__load_stop_iwram4, (LOADADDR (.iwram4) + SIZEOF (.iwram4)))

.iwram5         0x030025a4        0x0
 *(.iwram5)
                0x030025a4                . = ALIGN (0x4)
                0x030025a4                PROVIDE (__load_start_iwram5, LOADADDR (.iwram5))
                0x030025a4                PROVIDE (__load_stop_iwram5, (LOADADDR (.iwram5) + SIZEOF (.iwram5)))

.iwram6         0x030025a4        0x0
 *(.iwram6)
                0x030025a4                . = ALIGN (0x4)
                0x030025a4                PROVIDE (__load_start_iwram6, LOADADDR (.iwram6))
                0x030025a4                PROVIDE (__load_stop_iwram6, (LOADADDR (.iwram6) + SIZEOF (.iwram6)))

.iwram7         0x030025a4        0x0
 *(.iwram7)
                0x030025a4                . = ALIGN (0x4)
                0x030025a4                PROVIDE (__load_start_iwram7, LOADADDR (.iwram7))
                0x030025a4                PROVIDE (__load_stop_iwram7, (LOADADDR (.iwram7) + SIZEOF (.iwram7)))

.iwram8         0x030025a4        0x0
 *(.iwram8)
                0x030025a4                . = ALIGN (0x4)
                0x030025a4                PROVIDE (__load_start_iwram8, LOADADDR (.iwram8))
                0x030025a4                PROVIDE (__load_stop_iwram8, (LOADADDR (.iwram8) + SIZEOF (.iwram8)))

.iwram9         0x030025a4        0x0
 *(.iwram9)
                0x030025a4                . = ALIGN (0x4)
                0x030025a4                PROVIDE (__load_start_iwram9, LOADADDR (.iwram9))
                0x030025a4                PROVIDE (__load_stop_iwram9, (LOADADDR (.iwram9) + SIZEOF (.iwram9)))
                0x030025a4                __iwram_overlay_end = .
                0x0803abb0                __ewram_lma = (__iwram_overlay_lma + (__iwram_overlay_end - __iwram_overlay_start))
                0x030025a4                __iheap_start = .
                0x02000000                __ewram_start = ORIGIN (ewram)

.ewram          0x02000000        0x0 load address 0x0803abb0
 *(.ewram)
                0x02000000                . = ALIGN (0x4)
                0x02000000                __ewram_end = ABSOLUTE (.)
                0x0803abb0                __pad_lma = (__ewram_lma + SIZEOF (.ewram))

.sbss           0x02000000        0x0
                0x02000000                __sbss_start__ = ABSOLUTE (.)
 *(.sbss)
                0x02000000                . = ALIGN (0x4)
                0x02000000                __sbss_end__ = ABSOLUTE (.)
                0x02000000                __end__ = ABSOLUTE (.)
                0x02000000                __eheap_start = ABSOLUTE (.)

.pad            0x02000000        0x8 load address 0x0803abb0
                0x02000000        0x4 LONG 0x52416b64
                0x02000004        0x4 LONG 0x4d
                0x02000008                . = ALIGN (0x4)
                0x0803abb8                __rom_end__ = (__pad_lma + SIZEOF (.pad))

.stab
 *(.stab)

.stabstr
 *(.stabstr)

.stab.excl
 *(.stab.excl)

.stab.exclstr
 *(.stab.exclstr)

.stab.index
 *(.stab.index)

.stab.indexstr
 *(.stab.indexstr)

.comment        0x00000000       0x68
 *(.comment)
 .comment       0x00000000       0x22 c:/devkitpro/devkitarm/bin/../lib/gcc/arm-none-eabi/4.7.1/thumb/crtbegin.o
                                 0x23 (size before relaxing)
 .comment       0x00000000       0x23 Main.o
 .comment       0x00000022       0x23 c:/devkitPro/libgba/lib\libgba.a(input.o)
 .comment       0x00000045       0x23 c:/devkitPro/libgba/lib\libgba.a(interrupt.o)
 .comment       0x00000000       0x23 c:/devkitpro/devkitarm/bin/../lib/gcc/arm-none-eabi/4.7.1/../../../../arm-none-eabi/lib/thumb\libg.a(lib_a-init.o)
 .comment       0x00000000       0x23 c:/devkitpro/devkitarm/bin/../lib/gcc/arm-none-eabi/4.7.1/../../../../arm-none-eabi/lib/thumb\libg.a(lib_a-malloc.o)
 .comment       0x00000000       0x23 c:/devkitpro/devkitarm/bin/../lib/gcc/arm-none-eabi/4.7.1/../../../../arm-none-eabi/lib/thumb\libg.a(lib_a-mallocr.o)
 .comment       0x00000000       0x23 c:/devkitpro/devkitarm/bin/../lib/gcc/arm-none-eabi/4.7.1/../../../../arm-none-eabi/lib/thumb\libg.a(lib_a-mlock.o)
 .comment       0x00000000       0x23 c:/devkitpro/devkitarm/bin/../lib/gcc/arm-none-eabi/4.7.1/../../../../arm-none-eabi/lib/thumb\libg.a(lib_a-rand.o)
 .comment       0x00000000       0x23 c:/devkitpro/devkitarm/bin/../lib/gcc/arm-none-eabi/4.7.1/../../../../arm-none-eabi/lib/thumb\libg.a(lib_a-freer.o)
 .comment       0x00000000       0x23 c:/devkitpro/devkitarm/bin/../lib/gcc/arm-none-eabi/4.7.1/../../../../arm-none-eabi/lib/thumb\libg.a(lib_a-impure.o)
 .comment       0x00000000       0x23 c:/devkitpro/devkitarm/bin/../lib/gcc/arm-none-eabi/4.7.1/../../../../arm-none-eabi/lib/thumb\libsysbase.a(sbrk.o)
 .comment       0x00000000       0x23 c:/devkitpro/devkitarm/bin/../lib/gcc/arm-none-eabi/4.7.1/../../../../arm-none-eabi/lib/thumb\libsysbase.a(malloc_vars.o)
 .comment       0x00000000       0x23 c:/devkitpro/devkitarm/bin/../lib/gcc/arm-none-eabi/4.7.1/thumb\libgcc.a(_muldi3.o)
 .comment       0x00000000       0x23 c:/devkitpro/devkitarm/bin/../lib/gcc/arm-none-eabi/4.7.1/thumb/crtend.o

.debug
 *(.debug)

.line
 *(.line)

.debug_srcinfo
 *(.debug_srcinfo)

.debug_sfnames
 *(.debug_sfnames)

.debug_aranges  0x00000000       0x88
 *(.debug_aranges)
 .debug_aranges
                0x00000000       0x28 Main.o
 .debug_aranges
                0x00000028       0x20 c:/devkitPro/libgba/lib\libgba.a(input.o)
 .debug_aranges
                0x00000048       0x20 c:/devkitPro/libgba/lib\libgba.a(interrupt.o)
 .debug_aranges
                0x00000068       0x20 c:/devkitPro/libgba/lib\libgba.a(InterruptDispatcher.o)

.debug_pubnames
                0x00000000      0x10f
 *(.debug_pubnames)
 .debug_pubnames
                0x00000000       0x65 c:/devkitPro/libgba/lib\libgba.a(input.o)
 .debug_pubnames
                0x00000065       0xaa c:/devkitPro/libgba/lib\libgba.a(interrupt.o)

.debug_info     0x00000000     0x1a65
 *(.debug_info)
 .debug_info    0x00000000     0x1445 Main.o
 .debug_info    0x00001445      0x200 c:/devkitPro/libgba/lib\libgba.a(input.o)
 .debug_info    0x00001645      0x38c c:/devkitPro/libgba/lib\libgba.a(interrupt.o)
 .debug_info    0x000019d1       0x94 c:/devkitPro/libgba/lib\libgba.a(InterruptDispatcher.o)

.debug_abbrev   0x00000000      0x6c0
 *(.debug_abbrev)
 .debug_abbrev  0x00000000      0x3c7 Main.o
 .debug_abbrev  0x000003c7      0x107 c:/devkitPro/libgba/lib\libgba.a(input.o)
 .debug_abbrev  0x000004ce      0x1de c:/devkitPro/libgba/lib\libgba.a(interrupt.o)
 .debug_abbrev  0x000006ac       0x14 c:/devkitPro/libgba/lib\libgba.a(InterruptDispatcher.o)

.debug_line     0x00000000      0x89e
 *(.debug_line)
 .debug_line    0x00000000      0x5cc Main.o
 .debug_line    0x000005cc       0xd1 c:/devkitPro/libgba/lib\libgba.a(input.o)
 .debug_line    0x0000069d      0x165 c:/devkitPro/libgba/lib\libgba.a(interrupt.o)
 .debug_line    0x00000802       0x9c c:/devkitPro/libgba/lib\libgba.a(InterruptDispatcher.o)

.debug_frame    0x00000000      0x2ec
 *(.debug_frame)
 .debug_frame   0x00000000      0x194 Main.o
 .debug_frame   0x00000194       0x80 c:/devkitPro/libgba/lib\libgba.a(input.o)
 .debug_frame   0x00000214       0xd8 c:/devkitPro/libgba/lib\libgba.a(interrupt.o)

.debug_str      0x00000000      0x709
 *(.debug_str)
 .debug_str     0x00000000      0x566 Main.o
                                0x5c8 (size before relaxing)
 .debug_str     0x00000566       0xa6 c:/devkitPro/libgba/lib\libgba.a(input.o)
                                0x11d (size before relaxing)
 .debug_str     0x0000060c       0xfd c:/devkitPro/libgba/lib\libgba.a(interrupt.o)
                                0x210 (size before relaxing)

.debug_loc      0x00000000     0x147f
 *(.debug_loc)
 .debug_loc     0x00000000     0x1262 Main.o
 .debug_loc     0x00001262       0x89 c:/devkitPro/libgba/lib\libgba.a(input.o)
 .debug_loc     0x000012eb      0x194 c:/devkitPro/libgba/lib\libgba.a(interrupt.o)

.debug_macinfo
 *(.debug_macinfo)

.debug_weaknames
 *(.debug_weaknames)

.debug_funcnames
 *(.debug_funcnames)

.debug_typenames
 *(.debug_typenames)

.debug_varnames
 *(.debug_varnames)

.stack          0x00080000        0x0
                0x00080000                _stack = .
 *(.stack)

.note.gnu.arm.ident
 *(.note.gnu.arm.ident)

.ARM.attributes
                0x00000000       0x2b
 *(.ARM.attributes)
 .ARM.attributes
                0x00000000       0x18 c:/devkitpro/devkitarm/bin/../lib/gcc/arm-none-eabi/4.7.1/../../../../arm-none-eabi/lib/thumb/gba_crt0.o
 .ARM.attributes
                0x00000018       0x18 c:/devkitpro/devkitarm/bin/../lib/gcc/arm-none-eabi/4.7.1/thumb/crti.o
 .ARM.attributes
                0x00000030       0x32 c:/devkitpro/devkitarm/bin/../lib/gcc/arm-none-eabi/4.7.1/thumb/crtbegin.o
 .ARM.attributes
                0x00000062       0x16 soundbank.o
 .ARM.attributes
                0x00000078       0x2e Main.o
 .ARM.attributes
                0x000000a6       0x16 clearscreenasm.o
 .ARM.attributes
                0x000000bc       0x2e c:/devkitPro/libgba/lib\libgba.a(input.o)
 .ARM.attributes
                0x000000ea       0x2e c:/devkitPro/libgba/lib\libgba.a(interrupt.o)
 .ARM.attributes
                0x00000118       0x1e c:/devkitPro/libgba/lib\libgba.a(InterruptDispatcher.o)
 .ARM.attributes
                0x00000136       0x16 c:/devkitPro/libgba/lib\libmm.a(mm_main.o)
 .ARM.attributes
                0x0000014c       0x18 c:/devkitPro/libgba/lib\libmm.a(mm_mas.o)
 .ARM.attributes
                0x00000164       0x18 c:/devkitPro/libgba/lib\libmm.a(mm_mas_arm.o)
 .ARM.attributes
                0x0000017c       0x16 c:/devkitPro/libgba/lib\libmm.a(mm_init_default.o)
 .ARM.attributes
                0x00000192       0x18 c:/devkitPro/libgba/lib\libmm.a(mm_mixer_gba.o)
 .ARM.attributes
                0x000001aa       0x16 c:/devkitPro/libgba/lib\libmm.a(mm_effect.o)
 .ARM.attributes
                0x000001c0       0x1a c:/devkitpro/devkitarm/bin/../lib/gcc/arm-none-eabi/4.7.1/thumb\libgcc.a(_divsi3.o)
 .ARM.attributes
                0x000001da       0x18 c:/devkitpro/devkitarm/bin/../lib/gcc/arm-none-eabi/4.7.1/thumb\libgcc.a(_dvmd_tls.o)
 .ARM.attributes
                0x000001f2       0x18 c:/devkitpro/devkitarm/bin/../lib/gcc/arm-none-eabi/4.7.1/thumb\libgcc.a(_call_via_rX.o)
 .ARM.attributes
                0x0000020a       0x32 c:/devkitpro/devkitarm/bin/../lib/gcc/arm-none-eabi/4.7.1/../../../../arm-none-eabi/lib/thumb\libg.a(lib_a-init.o)
 .ARM.attributes
                0x0000023c       0x32 c:/devkitpro/devkitarm/bin/../lib/gcc/arm-none-eabi/4.7.1/../../../../arm-none-eabi/lib/thumb\libg.a(lib_a-malloc.o)
 .ARM.attributes
                0x0000026e       0x32 c:/devkitpro/devkitarm/bin/../lib/gcc/arm-none-eabi/4.7.1/../../../../arm-none-eabi/lib/thumb\libg.a(lib_a-mallocr.o)
 .ARM.attributes
                0x000002a0       0x32 c:/devkitpro/devkitarm/bin/../lib/gcc/arm-none-eabi/4.7.1/../../../../arm-none-eabi/lib/thumb\libg.a(lib_a-mlock.o)
 .ARM.attributes
                0x000002d2       0x32 c:/devkitpro/devkitarm/bin/../lib/gcc/arm-none-eabi/4.7.1/../../../../arm-none-eabi/lib/thumb\libg.a(lib_a-rand.o)
 .ARM.attributes
                0x00000304       0x32 c:/devkitpro/devkitarm/bin/../lib/gcc/arm-none-eabi/4.7.1/../../../../arm-none-eabi/lib/thumb\libg.a(lib_a-freer.o)
 .ARM.attributes
                0x00000336       0x32 c:/devkitpro/devkitarm/bin/../lib/gcc/arm-none-eabi/4.7.1/../../../../arm-none-eabi/lib/thumb\libg.a(lib_a-impure.o)
 .ARM.attributes
                0x00000368       0x32 c:/devkitpro/devkitarm/bin/../lib/gcc/arm-none-eabi/4.7.1/../../../../arm-none-eabi/lib/thumb\libsysbase.a(sbrk.o)
 .ARM.attributes
                0x0000039a       0x32 c:/devkitpro/devkitarm/bin/../lib/gcc/arm-none-eabi/4.7.1/../../../../arm-none-eabi/lib/thumb\libsysbase.a(malloc_vars.o)
 .ARM.attributes
                0x000003cc       0x32 c:/devkitpro/devkitarm/bin/../lib/gcc/arm-none-eabi/4.7.1/thumb\libgcc.a(_muldi3.o)
 .ARM.attributes
                0x000003fe       0x32 c:/devkitpro/devkitarm/bin/../lib/gcc/arm-none-eabi/4.7.1/thumb/crtend.o
 .ARM.attributes
                0x00000430       0x18 c:/devkitpro/devkitarm/bin/../lib/gcc/arm-none-eabi/4.7.1/thumb/crtn.o

/DISCARD/
 *(.note.GNU-stack)
LOAD c:/devkitpro/devkitarm/bin/../lib/gcc/arm-none-eabi/4.7.1/../../../../arm-none-eabi/lib/thumb/gba_crt0.o
LOAD c:/devkitpro/devkitarm/bin/../lib/gcc/arm-none-eabi/4.7.1/thumb/crti.o
LOAD c:/devkitpro/devkitarm/bin/../lib/gcc/arm-none-eabi/4.7.1/thumb/crtbegin.o
LOAD soundbank.o
LOAD Main.o
LOAD clearscreenasm.o
LOAD c:/devkitPro/libgba/lib\libgba.a
LOAD c:/devkitPro/libgba/lib\libmm.a
START GROUP
LOAD c:/devkitpro/devkitarm/bin/../lib/gcc/arm-none-eabi/4.7.1/thumb\libgcc.a
LOAD c:/devkitpro/devkitarm/bin/../lib/gcc/arm-none-eabi/4.7.1/../../../../arm-none-eabi/lib/thumb\libg.a
LOAD c:/devkitpro/devkitarm/bin/../lib/gcc/arm-none-eabi/4.7.1/../../../../arm-none-eabi/lib/thumb\libc.a
LOAD c:/devkitpro/devkitarm/bin/../lib/gcc/arm-none-eabi/4.7.1/../../../../arm-none-eabi/lib/thumb\libsysbase.a
END GROUP
LOAD c:/devkitpro/devkitarm/bin/../lib/gcc/arm-none-eabi/4.7.1/thumb/crtend.o
LOAD c:/devkitpro/devkitarm/bin/../lib/gcc/arm-none-eabi/4.7.1/thumb/crtn.o
OUTPUT(d:/Uni/gba/Artefact/Artefact.elf elf32-littlearm)

.debug_ranges   0x00000000      0x2a0
 .debug_ranges  0x00000000      0x240 Main.o
 .debug_ranges  0x00000240       0x60 c:/devkitPro/libgba/lib\libgba.a(interrupt.o)
